charset "iso-8859-1"
keymaps 0-6,8-14
include "qwerty-layout"
include "linux-with-alt-and-altgr"
	plain keycode  83 = KP_Comma
strings as usual


shift keycode 103 = F103
shift keycode 108 = F108
shift keycode 106 = F106
shift keycode 105 = F105
string F103 = "\033[1;2A"
string F108 = "\033[1;2B"
string F106 = "\033[1;2C"
string F105 = "\033[1;2D"

control keycode 103 = F113
control keycode 108 = F118
control keycode 106 = F116
control keycode 105 = F115
string F113 = "\033[1;5A"
string F118 = "\033[1;5B"
string F116 = "\033[1;5C"
string F115 = "\033[1;5D"

alt shift keycode  59 = Console_13
alt shift keycode  60 = Console_14
alt shift keycode  61 = Console_15
alt shift keycode  62 = Console_16
alt shift keycode  63 = Console_17
alt shift keycode  64 = Console_18
alt shift keycode  65 = Console_19
alt shift keycode  66 = Console_20
alt shift keycode  67 = Console_21
alt shift keycode  68 = Console_22
alt shift keycode  87 = Console_23
alt shift keycode  88 = Console_24

alt control shift keycode  59 = Console_25
alt control shift keycode  60 = Console_26
alt control shift keycode  61 = Console_27
alt control shift keycode  62 = Console_28
alt control shift keycode  63 = Console_29
alt control shift keycode  64 = Console_30
alt control shift keycode  65 = Console_31
alt control shift keycode  66 = Console_32
alt control shift keycode  67 = Console_33
alt control shift keycode  68 = Console_34
alt control shift keycode  87 = Console_35
alt control shift keycode  88 = Console_36

alt altgr keycode  59 = Console_37
alt altgr keycode  60 = Console_38
alt altgr keycode  61 = Console_39
alt altgr keycode  62 = Console_40
alt altgr keycode  63 = Console_41
alt altgr keycode  64 = Console_42
alt altgr keycode  65 = Console_43
alt altgr keycode  66 = Console_44
alt altgr keycode  67 = Console_45
alt altgr keycode  68 = Console_46
alt altgr keycode  87 = Console_47
alt altgr keycode  88 = Console_48

alt altgr shift keycode  59 = Console_49
alt altgr shift keycode  60 = Console_50
alt altgr shift keycode  61 = Console_51
alt altgr shift keycode  62 = Console_52
alt altgr shift keycode  63 = Console_53
alt altgr shift keycode  64 = Console_54
alt altgr shift keycode  65 = Console_55
alt altgr shift keycode  66 = Console_56
alt altgr shift keycode  67 = Console_57
alt altgr shift keycode  68 = Console_58
alt altgr shift keycode  87 = Console_59
alt altgr shift keycode  88 = Console_60

alt altgr control keycode  59 = Console_61
alt altgr control keycode  60 = Console_62
alt altgr control keycode  61 = Console_63


keycode   1 = Escape
	alt     keycode   1 = Meta_Escape

keycode   2 = one              exclam
	alt     keycode   2 = Meta_one

keycode   3 = two              quotedbl         at
	control keycode   3 = nul
	alt     keycode   3 = Meta_two

keycode   4 = three            numbersign       sterling
	control keycode   4 = Escape
	alt     keycode   4 = Meta_three

keycode   5 = four             ccedilla
	control keycode   5 = Control_backslash
	alt     keycode   5 = Meta_four
	altgr   keycode   5 = dollar
	
keycode   6 = five             percent
	control keycode   6 = Control_bracketright
	alt     keycode   6 = Meta_five

keycode   7 = six              ampersand        notsign
	control keycode   7 = Control_asciicircum
	alt     keycode   7 = Meta_six

keycode   8 = seven            slash            braceleft
	control keycode   8 = Control_underscore
	alt     keycode   8 = Meta_seven

keycode   9 = eight            parenleft        bracketleft
	control keycode   9 = Delete
	alt     keycode   9 = Meta_eight

keycode  10 = nine             parenright	bracketright
	alt     keycode  10 = Meta_nine

keycode  11 = zero             equal		braceright
	alt     keycode  11 = Meta_zero

keycode  12 = plus       question         backslash
	control keycode  12 = Control_underscore
	alt     keycode  12 = Meta_minus

keycode  13 = dead_acute  dead_grave
	alt     keycode  13 = Meta_equal

keycode  14 = Delete
	alt     keycode  14 = Meta_Delete

keycode  15 = Tab
	shift	keycode  15 = Meta_Tab
	alt     keycode  15 = Meta_Tab

keycode  26 = +aring          +Aring
	control keycode  26 = Escape
	alt     keycode  26 = Meta_bracketleft

keycode  27 = dead_diaeresis   asciicircum           asciitilde
	control keycode  27 = Control_bracketright
	alt     keycode  27 = Meta_bracketright

keycode  28 = Return
	alt     keycode  28 = Meta_Control_m

keycode  29 = Caps_Lock

keycode  39 = +odiaeresis       +Odiaeresis
	alt     keycode  39 = Meta_semicolon

keycode  40 = +adiaeresis       +Adiaeresis
	control keycode  40 = Control_g
	alt     keycode  40 = Meta_apostrophe

keycode  41 = section          degree		onehalf
	control keycode  41 = nul
	alt     keycode  41 = Meta_grave

keycode  42 = Shift

keycode  43 = apostrophe       asterisk
	control keycode  43 = Control_backslash
	alt     keycode  43 = Meta_backslash

keycode  51 = comma            semicolon
	alt     keycode  51 = Meta_comma

keycode  52 = period           colon
	alt     keycode  52 = Meta_period

keycode  53 = minus            underscore
	control keycode  53 = Delete
	alt     keycode  53 = Meta_slash
	shift control keycode  53 = Control_underscore

keycode  54 = Shift

keycode  56 = Alt

keycode  57 = space
	control keycode  57 = nul
	alt     keycode  57 = Meta_space

keycode  58 = Control

keycode  86 = less             greater          bar
	alt     keycode  86 = Meta_less

keycode  97 = Control
